{"nT":2,"i":0,"n":"","tN":"","a":{},"tC":"","cN":[{"nT":3,"i":0,"n":"","tN":"html","a":{},"tC":"","cN":[{"nT":3,"i":0,"n":"","tN":"head","a":{},"tC":"","cN":[{"nT":1,"i":0,"n":"","tN":"","a":{},"tC":"\n\n","cN":[]}]},{"nT":1,"i":2,"n":"","tN":"","a":{},"tC":"\n","cN":[]},{"nT":3,"i":3,"n":"","tN":"body","a":{},"tC":"","cN":[{"nT":1,"i":3,"n":"","tN":"","a":{},"tC":"\n    ","cN":[]},{"nT":3,"i":4,"n":"","tN":"div","a":{},"tC":"","cN":[{"nT":1,"i":4,"n":"","tN":"","a":{},"tC":"\n        Hello\n    ","cN":[]}]},{"nT":1,"i":6,"n":"","tN":"","a":{},"tC":"\n    ","cN":[]},{"nT":3,"i":7,"n":"","tN":"div","a":{},"tC":"","cN":[{"nT":1,"i":7,"n":"","tN":"","a":{},"tC":"\n        World 2\n    ","cN":[]}]},{"nT":1,"i":9,"n":"","tN":"","a":{},"tC":"\n\n","cN":[]}]}]}]}